Archive member included to satisfy reference by file (symbol)

c:/st/stm32cubeide_1.11.0/stm32cubeide/plugins/com.st.stm32cube.ide.mcu.externaltools.gnu-tools-for-stm32.10.3-2021.10.win32_1.0.200.202301161003/tools/bin/../lib/gcc/arm-none-eabi/10.3.1/../../../../arm-none-eabi/lib/thumb/v7-m/nofp\libc_nano.a(lib_a-errno.o)
                              ./Core/Src/syscalls.o (__errno)
c:/st/stm32cubeide_1.11.0/stm32cubeide/plugins/com.st.stm32cube.ide.mcu.externaltools.gnu-tools-for-stm32.10.3-2021.10.win32_1.0.200.202301161003/tools/bin/../lib/gcc/arm-none-eabi/10.3.1/../../../../arm-none-eabi/lib/thumb/v7-m/nofp\libc_nano.a(lib_a-exit.o)
                              c:/st/stm32cubeide_1.11.0/stm32cubeide/plugins/com.st.stm32cube.ide.mcu.externaltools.gnu-tools-for-stm32.10.3-2021.10.win32_1.0.200.202301161003/tools/bin/../lib/gcc/arm-none-eabi/10.3.1/../../../../arm-none-eabi/lib/thumb/v7-m/nofp/crt0.o (exit)
c:/st/stm32cubeide_1.11.0/stm32cubeide/plugins/com.st.stm32cube.ide.mcu.externaltools.gnu-tools-for-stm32.10.3-2021.10.win32_1.0.200.202301161003/tools/bin/../lib/gcc/arm-none-eabi/10.3.1/../../../../arm-none-eabi/lib/thumb/v7-m/nofp\libc_nano.a(lib_a-impure.o)
                              c:/st/stm32cubeide_1.11.0/stm32cubeide/plugins/com.st.stm32cube.ide.mcu.externaltools.gnu-tools-for-stm32.10.3-2021.10.win32_1.0.200.202301161003/tools/bin/../lib/gcc/arm-none-eabi/10.3.1/../../../../arm-none-eabi/lib/thumb/v7-m/nofp\libc_nano.a(lib_a-exit.o) (_global_impure_ptr)
c:/st/stm32cubeide_1.11.0/stm32cubeide/plugins/com.st.stm32cube.ide.mcu.externaltools.gnu-tools-for-stm32.10.3-2021.10.win32_1.0.200.202301161003/tools/bin/../lib/gcc/arm-none-eabi/10.3.1/../../../../arm-none-eabi/lib/thumb/v7-m/nofp\libc_nano.a(lib_a-init.o)
                              c:/st/stm32cubeide_1.11.0/stm32cubeide/plugins/com.st.stm32cube.ide.mcu.externaltools.gnu-tools-for-stm32.10.3-2021.10.win32_1.0.200.202301161003/tools/bin/../lib/gcc/arm-none-eabi/10.3.1/../../../../arm-none-eabi/lib/thumb/v7-m/nofp/crt0.o (__libc_init_array)
c:/st/stm32cubeide_1.11.0/stm32cubeide/plugins/com.st.stm32cube.ide.mcu.externaltools.gnu-tools-for-stm32.10.3-2021.10.win32_1.0.200.202301161003/tools/bin/../lib/gcc/arm-none-eabi/10.3.1/../../../../arm-none-eabi/lib/thumb/v7-m/nofp\libc_nano.a(lib_a-memcpy-stub.o)
                              ./Core/Src/ssd1306.o (memcpy)
c:/st/stm32cubeide_1.11.0/stm32cubeide/plugins/com.st.stm32cube.ide.mcu.externaltools.gnu-tools-for-stm32.10.3-2021.10.win32_1.0.200.202301161003/tools/bin/../lib/gcc/arm-none-eabi/10.3.1/../../../../arm-none-eabi/lib/thumb/v7-m/nofp\libc_nano.a(lib_a-memmove.o)
                              ./Core/Src/ssd1306_tests.o (memmove)
c:/st/stm32cubeide_1.11.0/stm32cubeide/plugins/com.st.stm32cube.ide.mcu.externaltools.gnu-tools-for-stm32.10.3-2021.10.win32_1.0.200.202301161003/tools/bin/../lib/gcc/arm-none-eabi/10.3.1/../../../../arm-none-eabi/lib/thumb/v7-m/nofp\libc_nano.a(lib_a-memset.o)
                              c:/st/stm32cubeide_1.11.0/stm32cubeide/plugins/com.st.stm32cube.ide.mcu.externaltools.gnu-tools-for-stm32.10.3-2021.10.win32_1.0.200.202301161003/tools/bin/../lib/gcc/arm-none-eabi/10.3.1/../../../../arm-none-eabi/lib/thumb/v7-m/nofp/crt0.o (memset)
c:/st/stm32cubeide_1.11.0/stm32cubeide/plugins/com.st.stm32cube.ide.mcu.externaltools.gnu-tools-for-stm32.10.3-2021.10.win32_1.0.200.202301161003/tools/bin/../lib/gcc/arm-none-eabi/10.3.1/../../../../arm-none-eabi/lib/thumb/v7-m/nofp\libc_nano.a(lib_a-snprintf.o)
                              ./Core/Src/ssd1306_tests.o (snprintf)
c:/st/stm32cubeide_1.11.0/stm32cubeide/plugins/com.st.stm32cube.ide.mcu.externaltools.gnu-tools-for-stm32.10.3-2021.10.win32_1.0.200.202301161003/tools/bin/../lib/gcc/arm-none-eabi/10.3.1/../../../../arm-none-eabi/lib/thumb/v7-m/nofp\libc_nano.a(lib_a-nano-svfprintf.o)
                              c:/st/stm32cubeide_1.11.0/stm32cubeide/plugins/com.st.stm32cube.ide.mcu.externaltools.gnu-tools-for-stm32.10.3-2021.10.win32_1.0.200.202301161003/tools/bin/../lib/gcc/arm-none-eabi/10.3.1/../../../../arm-none-eabi/lib/thumb/v7-m/nofp\libc_nano.a(lib_a-snprintf.o) (_svfprintf_r)
c:/st/stm32cubeide_1.11.0/stm32cubeide/plugins/com.st.stm32cube.ide.mcu.externaltools.gnu-tools-for-stm32.10.3-2021.10.win32_1.0.200.202301161003/tools/bin/../lib/gcc/arm-none-eabi/10.3.1/../../../../arm-none-eabi/lib/thumb/v7-m/nofp\libc_nano.a(lib_a-nano-vfprintf_i.o)
                              c:/st/stm32cubeide_1.11.0/stm32cubeide/plugins/com.st.stm32cube.ide.mcu.externaltools.gnu-tools-for-stm32.10.3-2021.10.win32_1.0.200.202301161003/tools/bin/../lib/gcc/arm-none-eabi/10.3.1/../../../../arm-none-eabi/lib/thumb/v7-m/nofp\libc_nano.a(lib_a-nano-svfprintf.o) (_printf_i)
[...]
Memory Configuration

Name             Origin             Length             Attributes
RAM              0x0000000020000000 0x0000000000005000 xrw
FLASH            0x0000000008000000 0x0000000000010000 xr
*default*        0x0000000000000000 0xffffffffffffffff

Linker script and memory map

LOAD c:/st/stm32cubeide_1.11.0/stm32cubeide/plugins/com.st.stm32cube.ide.mcu.externaltools.gnu-tools-for-stm32.10.3-2021.10.win32_1.0.200.202301161003/tools/bin/../lib/gcc/arm-none-eabi/10.3.1/thumb/v7-m/nofp/crti.o
LOAD c:/st/stm32cubeide_1.11.0/stm32cubeide/plugins/com.st.stm32cube.ide.mcu.externaltools.gnu-tools-for-stm32.10.3-2021.10.win32_1.0.200.202301161003/tools/bin/../lib/gcc/arm-none-eabi/10.3.1/thumb/v7-m/nofp/crtbegin.o
LOAD c:/st/stm32cubeide_1.11.0/stm32cubeide/plugins/com.st.stm32cube.ide.mcu.externaltools.gnu-tools-for-stm32.10.3-2021.10.win32_1.0.200.202301161003/tools/bin/../lib/gcc/arm-none-eabi/10.3.1/../../../../arm-none-eabi/lib/thumb/v7-m/nofp/crt0.o
LOAD ./Core/Src/main.o
LOAD ./Core/Src/ssd1306.o
LOAD ./Core/Src/ssd1306_fonts.o
LOAD ./Core/Src/ssd1306_tests.o
LOAD ./Core/Src/stm32f1xx_hal_msp.o
LOAD ./Core/Src/stm32f1xx_it.o
LOAD ./Core/Src/syscalls.o
LOAD ./Core/Src/sysmem.o
LOAD ./Core/Src/system_stm32f1xx.o
LOAD ./Core/Startup/startup_stm32f103c8tx.o
LOAD ./Drivers/STM32F1xx_HAL_Driver/Src/stm32f1xx_hal.o
LOAD ./Drivers/STM32F1xx_HAL_Driver/Src/stm32f1xx_hal_cortex.o
LOAD ./Drivers/STM32F1xx_HAL_Driver/Src/stm32f1xx_hal_dma.o
LOAD ./Drivers/STM32F1xx_HAL_Driver/Src/stm32f1xx_hal_exti.o
LOAD ./Drivers/STM32F1xx_HAL_Driver/Src/stm32f1xx_hal_flash.o
LOAD ./Drivers/STM32F1xx_HAL_Driver/Src/stm32f1xx_hal_flash_ex.o
LOAD ./Drivers/STM32F1xx_HAL_Driver/Src/stm32f1xx_hal_gpio.o
LOAD ./Drivers/STM32F1xx_HAL_Driver/Src/stm32f1xx_hal_gpio_ex.o
LOAD ./Drivers/STM32F1xx_HAL_Driver/Src/stm32f1xx_hal_i2c.o
LOAD ./Drivers/STM32F1xx_HAL_Driver/Src/stm32f1xx_hal_pwr.o
LOAD ./Drivers/STM32F1xx_HAL_Driver/Src/stm32f1xx_hal_rcc.o
LOAD ./Drivers/STM32F1xx_HAL_Driver/Src/stm32f1xx_hal_rcc_ex.o
LOAD ./Drivers/STM32F1xx_HAL_Driver/Src/stm32f1xx_hal_tim.o
LOAD ./Drivers/STM32F1xx_HAL_Driver/Src/stm32f1xx_hal_tim_ex.o
START GROUP
LOAD c:/st/stm32cubeide_1.11.0/stm32cubeide/plugins/com.st.stm32cube.ide.mcu.externaltools.gnu-tools-for-stm32.10.3-2021.10.win32_1.0.200.202301161003/tools/bin/../lib/gcc/arm-none-eabi/10.3.1/../../../../arm-none-eabi/lib/thumb/v7-m/nofp\libc_nano.a
LOAD c:/st/stm32cubeide_1.11.0/stm32cubeide/plugins/com.st.stm32cube.ide.mcu.externaltools.gnu-tools-for-stm32.10.3-2021.10.win32_1.0.200.202301161003/tools/bin/../lib/gcc/arm-none-eabi/10.3.1/../../../../arm-none-eabi/lib/thumb/v7-m/nofp\libm.a
END GROUP
START GROUP
LOAD c:/st/stm32cubeide_1.11.0/stm32cubeide/plugins/com.st.stm32cube.ide.mcu.externaltools.gnu-tools-for-stm32.10.3-2021.10.win32_1.0.200.202301161003/tools/bin/../lib/gcc/arm-none-eabi/10.3.1/thumb/v7-m/nofp\libgcc.a
LOAD c:/st/stm32cubeide_1.11.0/stm32cubeide/plugins/com.st.stm32cube.ide.mcu.externaltools.gnu-tools-for-stm32.10.3-2021.10.win32_1.0.200.202301161003/tools/bin/../lib/gcc/arm-none-eabi/10.3.1/../../../../arm-none-eabi/lib/thumb/v7-m/nofp\libc_nano.a
END GROUP
START GROUP
LOAD c:/st/stm32cubeide_1.11.0/stm32cubeide/plugins/com.st.stm32cube.ide.mcu.externaltools.gnu-tools-for-stm32.10.3-2021.10.win32_1.0.200.202301161003/tools/bin/../lib/gcc/arm-none-eabi/10.3.1/thumb/v7-m/nofp\libgcc.a
LOAD c:/st/stm32cubeide_1.11.0/stm32cubeide/plugins/com.st.stm32cube.ide.mcu.externaltools.gnu-tools-for-stm32.10.3-2021.10.win32_1.0.200.202301161003/tools/bin/../lib/gcc/arm-none-eabi/10.3.1/../../../../arm-none-eabi/lib/thumb/v7-m/nofp\libc_nano.a
LOAD c:/st/stm32cubeide_1.11.0/stm32cubeide/plugins/com.st.stm32cube.ide.mcu.externaltools.gnu-tools-for-stm32.10.3-2021.10.win32_1.0.200.202301161003/tools/bin/../lib/gcc/arm-none-eabi/10.3.1/../../../../arm-none-eabi/lib/thumb/v7-m/nofp\libnosys.a
END GROUP
START GROUP
LOAD c:/st/stm32cubeide_1.11.0/stm32cubeide/plugins/com.st.stm32cube.ide.mcu.externaltools.gnu-tools-for-stm32.10.3-2021.10.win32_1.0.200.202301161003/tools/bin/../lib/gcc/arm-none-eabi/10.3.1/thumb/v7-m/nofp\libgcc.a
LOAD c:/st/stm32cubeide_1.11.0/stm32cubeide/plugins/com.st.stm32cube.ide.mcu.externaltools.gnu-tools-for-stm32.10.3-2021.10.win32_1.0.200.202301161003/tools/bin/../lib/gcc/arm-none-eabi/10.3.1/../../../../arm-none-eabi/lib/thumb/v7-m/nofp\libc_nano.a
LOAD c:/st/stm32cubeide_1.11.0/stm32cubeide/plugins/com.st.stm32cube.ide.mcu.externaltools.gnu-tools-for-stm32.10.3-2021.10.win32_1.0.200.202301161003/tools/bin/../lib/gcc/arm-none-eabi/10.3.1/../../../../arm-none-eabi/lib/thumb/v7-m/nofp\libnosys.a
END GROUP
LOAD c:/st/stm32cubeide_1.11.0/stm32cubeide/plugins/com.st.stm32cube.ide.mcu.externaltools.gnu-tools-for-stm32.10.3-2021.10.win32_1.0.200.202301161003/tools/bin/../lib/gcc/arm-none-eabi/10.3.1/thumb/v7-m/nofp/crtend.o
LOAD c:/st/stm32cubeide_1.11.0/stm32cubeide/plugins/com.st.stm32cube.ide.mcu.externaltools.gnu-tools-for-stm32.10.3-2021.10.win32_1.0.200.202301161003/tools/bin/../lib/gcc/arm-none-eabi/10.3.1/thumb/v7-m/nofp/crtn.o
                0x0000000020005000                _estack = (ORIGIN (RAM) + LENGTH (RAM))
                0x0000000000000200                _Min_Heap_Size = 0x200
                0x0000000000000400                _Min_Stack_Size = 0x400

.isr_vector     0x0000000008000000      0x10c
                0x0000000008000000                . = ALIGN (0x4)
 *(.isr_vector)
 .isr_vector    0x0000000008000000      0x10c ./Core/Startup/startup_stm32f103c8tx.o
                0x0000000008000000                g_pfnVectors
                0x000000000800010c                . = ALIGN (0x4)

.text           0x000000000800010c     0x2068
                0x000000000800010c                . = ALIGN (0x4)
 *(.text)
 .text          0x000000000800010c       0x40 c:/st/stm32cubeide_1.11.0/stm32cubeide/plugins/com.st.stm32cube.ide.mcu.externaltools.gnu-tools-for-stm32.10.3-2021.10.win32_1.0.200.202301161003/tools/bin/../lib/gcc/arm-none-eabi/10.3.1/thumb/v7-m/nofp/crtbegin.o
 *(.text*)
 .text.main     0x000000000800014c       0x8c ./Core/Src/main.o
                0x000000000800014c                main
 .text.SystemClock_Config
                0x00000000080001d8       0x86 ./Core/Src/main.o
                0x00000000080001d8                SystemClock_Config
 *fill*         0x000000000800025e        0x2 
 .text.MX_I2C1_Init
                0x0000000008000260       0x5c ./Core/Src/main.o
 .text.MX_GPIO_Init
                0x00000000080002bc       0x5c ./Core/Src/main.o
 .text.displayText
                0x0000000008000318       0xc2 ./Core/Src/main.o
                0x0000000008000318                displayText
 .text.Error_Handler
                0x00000000080003da        0xa ./Core/Src/main.o
                0x00000000080003da                Error_Handler
 .text.ssd1306_Reset
                0x00000000080003e4        0xc ./Core/Src/ssd1306.o
                0x00000000080003e4                ssd1306_Reset
 .text.ssd1306_WriteCommand
                0x00000000080003f0       0x30 ./Core/Src/ssd1306.o
                0x00000000080003f0                ssd1306_WriteCommand
 .text.ssd1306_WriteData
                0x0000000008000420       0x34 ./Core/Src/ssd1306.o
                0x0000000008000420                ssd1306_WriteData
 .text.ssd1306_Init
                0x0000000008000454       0xd4 ./Core/Src/ssd1306.o
                0x0000000008000454                ssd1306_Init
 .text.ssd1306_Fill
                0x0000000008000528       0x44 ./Core/Src/ssd1306.o
                0x0000000008000528                ssd1306_Fill
 .text.ssd1306_UpdateScreen
                0x000000000800056c       0x50 ./Core/Src/ssd1306.o
                0x000000000800056c                ssd1306_UpdateScreen
 .text.ssd1306_DrawPixel
                0x00000000080005bc       0xa4 ./Core/Src/ssd1306.o
                0x00000000080005bc                ssd1306_DrawPixel
 .text.ssd1306_WriteChar
                0x0000000008000660      0x110 ./Core/Src/ssd1306.o
                0x0000000008000660                ssd1306_WriteChar
 .text.ssd1306_WriteString
                0x0000000008000770       0x4c ./Core/Src/ssd1306.o
                0x0000000008000770                ssd1306_WriteString
 .text.ssd1306_SetCursor
                0x00000000080007bc       0x30 ./Core/Src/ssd1306.o
                0x00000000080007bc                ssd1306_SetCursor
 .text.ssd1306_SetContrast
                0x00000000080007ec       0x26 ./Core/Src/ssd1306.o
                0x00000000080007ec                ssd1306_SetContrast
 *fill*         0x0000000008000812        0x2 
 .text.ssd1306_SetDisplayOn
                0x0000000008000814       0x3c ./Core/Src/ssd1306.o
                0x0000000008000814                ssd1306_SetDisplayOn
 .text.HAL_MspInit
                0x0000000008000850       0x64 ./Core/Src/stm32f1xx_hal_msp.o
                0x0000000008000850                HAL_MspInit
 .text.HAL_I2C_MspInit
                0x00000000080008b4       0x7c ./Core/Src/stm32f1xx_hal_msp.o
                0x00000000080008b4                HAL_I2C_MspInit
 .text.NMI_Handler
                0x0000000008000930        0x6 ./Core/Src/stm32f1xx_it.o
                0x0000000008000930                NMI_Handler
 .text.HardFault_Handler
                0x0000000008000936        0x6 ./Core/Src/stm32f1xx_it.o
                0x0000000008000936                HardFault_Handler
 .text.MemManage_Handler
                0x000000000800093c        0x6 ./Core/Src/stm32f1xx_it.o
                0x000000000800093c                MemManage_Handler
 .text.BusFault_Handler
                0x0000000008000942        0x6 ./Core/Src/stm32f1xx_it.o
                0x0000000008000942                BusFault_Handler
 .text.UsageFault_Handler
                0x0000000008000948        0x6 ./Core/Src/stm32f1xx_it.o
                0x0000000008000948                UsageFault_Handler
 .text.SVC_Handler
                0x000000000800094e        0xc ./Core/Src/stm32f1xx_it.o
                0x000000000800094e                SVC_Handler
 .text.DebugMon_Handler
                0x000000000800095a        0xc ./Core/Src/stm32f1xx_it.o
                0x000000000800095a                DebugMon_Handler
 .text.PendSV_Handler
                0x0000000008000966        0xc ./Core/Src/stm32f1xx_it.o
                0x0000000008000966                PendSV_Handler
 .text.SysTick_Handler
                0x0000000008000972        0xc ./Core/Src/stm32f1xx_it.o
                0x0000000008000972                SysTick_Handler
 .text.SystemInit
                0x000000000800097e        0xc ./Core/Src/system_stm32f1xx.o
                0x000000000800097e                SystemInit
 *fill*         0x000000000800098a        0x2 
 .text.Reset_Handler
                0x000000000800098c       0x48 ./Core/Startup/startup_stm32f103c8tx.o
                0x000000000800098c                Reset_Handler
 .text.Default_Handler
                0x00000000080009d4        0x2 ./Core/Startup/startup_stm32f103c8tx.o
                0x00000000080009d4                RTC_Alarm_IRQHandler
                0x00000000080009d4                EXTI2_IRQHandler
                0x00000000080009d4                TIM1_CC_IRQHandler
                0x00000000080009d4                PVD_IRQHandler
                0x00000000080009d4                EXTI3_IRQHandler
                0x00000000080009d4                EXTI0_IRQHandler
                0x00000000080009d4                I2C2_EV_IRQHandler
                0x00000000080009d4                ADC1_2_IRQHandler
                0x00000000080009d4                SPI1_IRQHandler
                0x00000000080009d4                TAMPER_IRQHandler
                0x00000000080009d4                DMA1_Channel4_IRQHandler
                0x00000000080009d4                USART3_IRQHandler
                0x00000000080009d4                RTC_IRQHandler
                0x00000000080009d4                DMA1_Channel7_IRQHandler
                0x00000000080009d4                CAN1_RX1_IRQHandler
                0x00000000080009d4                TIM4_IRQHandler
                0x00000000080009d4                I2C1_EV_IRQHandler
                0x00000000080009d4                DMA1_Channel6_IRQHandler
                0x00000000080009d4                TIM3_IRQHandler
                0x00000000080009d4                RCC_IRQHandler
                0x00000000080009d4                TIM1_TRG_COM_IRQHandler
                0x00000000080009d4                DMA1_Channel1_IRQHandler
                0x00000000080009d4                Default_Handler
                0x00000000080009d4                EXTI15_10_IRQHandler
                0x00000000080009d4                EXTI9_5_IRQHandler
                0x00000000080009d4                SPI2_IRQHandler
                0x00000000080009d4                DMA1_Channel5_IRQHandler
                0x00000000080009d4                EXTI4_IRQHandler
                0x00000000080009d4                USB_LP_CAN1_RX0_IRQHandler
                0x00000000080009d4                USB_HP_CAN1_TX_IRQHandler
                0x00000000080009d4                DMA1_Channel3_IRQHandler
                0x00000000080009d4                TIM1_UP_IRQHandler
                0x00000000080009d4                WWDG_IRQHandler
                0x00000000080009d4                TIM2_IRQHandler
                0x00000000080009d4                TIM1_BRK_IRQHandler
                0x00000000080009d4                EXTI1_IRQHandler
                0x00000000080009d4                USART2_IRQHandler
                0x00000000080009d4                I2C2_ER_IRQHandler
                0x00000000080009d4                DMA1_Channel2_IRQHandler
                0x00000000080009d4                CAN1_SCE_IRQHandler
                0x00000000080009d4                FLASH_IRQHandler
                0x00000000080009d4                USART1_IRQHandler
                0x00000000080009d4                I2C1_ER_IRQHandler
                0x00000000080009d4                USBWakeUp_IRQHandler
 *fill*         0x00000000080009d6        0x2 
 .text.HAL_Init
                0x00000000080009d8       0x2c ./Drivers/STM32F1xx_HAL_Driver/Src/stm32f1xx_hal.o
                0x00000000080009d8                HAL_Init
 .text.HAL_InitTick
                0x0000000008000a04       0x60 ./Drivers/STM32F1xx_HAL_Driver/Src/stm32f1xx_hal.o
                0x0000000008000a04                HAL_InitTick
 .text.HAL_IncTick
                0x0000000008000a64       0x24 ./Drivers/STM32F1xx_HAL_Driver/Src/stm32f1xx_hal.o
                0x0000000008000a64                HAL_IncTick
 .text.HAL_GetTick
                0x0000000008000a88       0x14 ./Drivers/STM32F1xx_HAL_Driver/Src/stm32f1xx_hal.o
                0x0000000008000a88                HAL_GetTick
 .text.HAL_Delay
                0x0000000008000a9c       0x48 ./Drivers/STM32F1xx_HAL_Driver/Src/stm32f1xx_hal.o
                0x0000000008000a9c                HAL_Delay
 .text.__NVIC_SetPriorityGrouping
                0x0000000008000ae4       0x48 ./Drivers/STM32F1xx_HAL_Driver/Src/stm32f1xx_hal_cortex.o
 .text.__NVIC_GetPriorityGrouping
                0x0000000008000b2c       0x1c ./Drivers/STM32F1xx_HAL_Driver/Src/stm32f1xx_hal_cortex.o
 .text.__NVIC_SetPriority
                0x0000000008000b48       0x54 ./Drivers/STM32F1xx_HAL_Driver/Src/stm32f1xx_hal_cortex.o
 .text.NVIC_EncodePriority
                0x0000000008000b9c       0x64 ./Drivers/STM32F1xx_HAL_Driver/Src/stm32f1xx_hal_cortex.o
 .text.SysTick_Config
                0x0000000008000c00       0x44 ./Drivers/STM32F1xx_HAL_Driver/Src/stm32f1xx_hal_cortex.o
 .text.HAL_NVIC_SetPriorityGrouping
                0x0000000008000c44       0x16 ./Drivers/STM32F1xx_HAL_Driver/Src/stm32f1xx_hal_cortex.o
                0x0000000008000c44                HAL_NVIC_SetPriorityGrouping
 .text.HAL_NVIC_SetPriority
                0x0000000008000c5a       0x38 ./Drivers/STM32F1xx_HAL_Driver/Src/stm32f1xx_hal_cortex.o
                0x0000000008000c5a                HAL_NVIC_SetPriority
 .text.HAL_SYSTICK_Config
                0x0000000008000c92       0x18 ./Drivers/STM32F1xx_HAL_Driver/Src/stm32f1xx_hal_cortex.o
                0x0000000008000c92                HAL_SYSTICK_Config
 *fill*         0x0000000008000caa        0x2 
 .text.HAL_GPIO_Init
                0x0000000008000cac      0x308 ./Drivers/STM32F1xx_HAL_Driver/Src/stm32f1xx_hal_gpio.o
                0x0000000008000cac                HAL_GPIO_Init
 .text.HAL_I2C_Init
                0x0000000008000fb4      0x288 ./Drivers/STM32F1xx_HAL_Driver/Src/stm32f1xx_hal_i2c.o
                0x0000000008000fb4                HAL_I2C_Init
 .text.HAL_I2C_Mem_Write
                0x000000000800123c      0x1f4 ./Drivers/STM32F1xx_HAL_Driver/Src/stm32f1xx_hal_i2c.o
                0x000000000800123c                HAL_I2C_Mem_Write
 .text.I2C_RequestMemoryWrite
                0x0000000008001430      0x12c ./Drivers/STM32F1xx_HAL_Driver/Src/stm32f1xx_hal_i2c.o
 .text.I2C_WaitOnFlagUntilTimeout
                0x000000000800155c       0xf4 ./Drivers/STM32F1xx_HAL_Driver/Src/stm32f1xx_hal_i2c.o
 .text.I2C_WaitOnMasterAddressFlagUntilTimeout
                0x0000000008001650      0x140 ./Drivers/STM32F1xx_HAL_Driver/Src/stm32f1xx_hal_i2c.o
 .text.I2C_WaitOnTXEFlagUntilTimeout
                0x0000000008001790       0x90 ./Drivers/STM32F1xx_HAL_Driver/Src/stm32f1xx_hal_i2c.o
 .text.I2C_WaitOnBTFFlagUntilTimeout
                0x0000000008001820       0x90 ./Drivers/STM32F1xx_HAL_Driver/Src/stm32f1xx_hal_i2c.o
 .text.I2C_IsAcknowledgeFailed
                0x00000000080018b0       0x5c ./Drivers/STM32F1xx_HAL_Driver/Src/stm32f1xx_hal_i2c.o
 .text.HAL_RCC_OscConfig
                0x000000000800190c      0x504 ./Drivers/STM32F1xx_HAL_Driver/Src/stm32f1xx_hal_rcc.o
                0x000000000800190c                HAL_RCC_OscConfig
 .text.HAL_RCC_ClockConfig
                0x0000000008001e10      0x1d4 ./Drivers/STM32F1xx_HAL_Driver/Src/stm32f1xx_hal_rcc.o
                0x0000000008001e10                HAL_RCC_ClockConfig
 .text.HAL_RCC_GetSysClockFreq
                0x0000000008001fe4       0xa8 ./Drivers/STM32F1xx_HAL_Driver/Src/stm32f1xx_hal_rcc.o
                0x0000000008001fe4                HAL_RCC_GetSysClockFreq
 .text.HAL_RCC_GetHCLKFreq
                0x000000000800208c       0x14 ./Drivers/STM32F1xx_HAL_Driver/Src/stm32f1xx_hal_rcc.o
                0x000000000800208c                HAL_RCC_GetHCLKFreq
 .text.HAL_RCC_GetPCLK1Freq
                0x00000000080020a0       0x28 ./Drivers/STM32F1xx_HAL_Driver/Src/stm32f1xx_hal_rcc.o
                0x00000000080020a0                HAL_RCC_GetPCLK1Freq
 .text.RCC_Delay
                0x00000000080020c8       0x3c ./Drivers/STM32F1xx_HAL_Driver/Src/stm32f1xx_hal_rcc.o
 .text.__libc_init_array
                0x0000000008002104       0x48 c:/st/stm32cubeide_1.11.0/stm32cubeide/plugins/com.st.stm32cube.ide.mcu.externaltools.gnu-tools-for-stm32.10.3-2021.10.win32_1.0.200.202301161003/tools/bin/../lib/gcc/arm-none-eabi/10.3.1/../../../../arm-none-eabi/lib/thumb/v7-m/nofp\libc_nano.a(lib_a-init.o)
                0x0000000008002104                __libc_init_array
 .text.memset   0x000000000800214c       0x10 c:/st/stm32cubeide_1.11.0/stm32cubeide/plugins/com.st.stm32cube.ide.mcu.externaltools.gnu-tools-for-stm32.10.3-2021.10.win32_1.0.200.202301161003/tools/bin/../lib/gcc/arm-none-eabi/10.3.1/../../../../arm-none-eabi/lib/thumb/v7-m/nofp\libc_nano.a(lib_a-memset.o)
                0x000000000800214c                memset
 *(.glue_7)
 .glue_7        0x000000000800215c        0x0 linker stubs
 *(.glue_7t)
 .glue_7t       0x000000000800215c        0x0 linker stubs
 *(.eh_frame)
 .eh_frame      0x000000000800215c        0x0 c:/st/stm32cubeide_1.11.0/stm32cubeide/plugins/com.st.stm32cube.ide.mcu.externaltools.gnu-tools-for-stm32.10.3-2021.10.win32_1.0.200.202301161003/tools/bin/../lib/gcc/arm-none-eabi/10.3.1/thumb/v7-m/nofp/crtbegin.o
 *(.init)
 .init          0x000000000800215c        0x4 c:/st/stm32cubeide_1.11.0/stm32cubeide/plugins/com.st.stm32cube.ide.mcu.externaltools.gnu-tools-for-stm32.10.3-2021.10.win32_1.0.200.202301161003/tools/bin/../lib/gcc/arm-none-eabi/10.3.1/thumb/v7-m/nofp/crti.o
                0x000000000800215c                _init
 .init          0x0000000008002160        0x8 c:/st/stm32cubeide_1.11.0/stm32cubeide/plugins/com.st.stm32cube.ide.mcu.externaltools.gnu-tools-for-stm32.10.3-2021.10.win32_1.0.200.202301161003/tools/bin/../lib/gcc/arm-none-eabi/10.3.1/thumb/v7-m/nofp/crtn.o
 *(.fini)
 .fini          0x0000000008002168        0x4 c:/st/stm32cubeide_1.11.0/stm32cubeide/plugins/com.st.stm32cube.ide.mcu.externaltools.gnu-tools-for-stm32.10.3-2021.10.win32_1.0.200.202301161003/tools/bin/../lib/gcc/arm-none-eabi/10.3.1/thumb/v7-m/nofp/crti.o
                0x0000000008002168                _fini
 .fini          0x000000000800216c        0x8 c:/st/stm32cubeide_1.11.0/stm32cubeide/plugins/com.st.stm32cube.ide.mcu.externaltools.gnu-tools-for-stm32.10.3-2021.10.win32_1.0.200.202301161003/tools/bin/../lib/gcc/arm-none-eabi/10.3.1/thumb/v7-m/nofp/crtn.o
                0x0000000008002174                . = ALIGN (0x4)
                0x0000000008002174                _etext = .

.vfp11_veneer   0x0000000008002174        0x0
 .vfp11_veneer  0x0000000008002174        0x0 linker stubs

.v4_bx          0x0000000008002174        0x0
 .v4_bx         0x0000000008002174        0x0 linker stubs

.iplt           0x0000000008002174        0x0
 .iplt          0x0000000008002174        0x0 c:/st/stm32cubeide_1.11.0/stm32cubeide/plugins/com.st.stm32cube.ide.mcu.externaltools.gnu-tools-for-stm32.10.3-2021.10.win32_1.0.200.202301161003/tools/bin/../lib/gcc/arm-none-eabi/10.3.1/thumb/v7-m/nofp/crtbegin.o

.rodata         0x0000000008002174      0xdbc
                0x0000000008002174                . = ALIGN (0x4)
 *(.rodata)
 .rodata        0x0000000008002174       0x34 ./Core/Src/main.o
 *(.rodata*)
 .rodata.Font11x18
                0x00000000080021a8      0xd5c ./Core/Src/ssd1306_fonts.o
 .rodata.AHBPrescTable
                0x0000000008002f04       0x10 ./Core/Src/system_stm32f1xx.o
                0x0000000008002f04                AHBPrescTable
 .rodata.APBPrescTable
                0x0000000008002f14        0x8 ./Core/Src/system_stm32f1xx.o
                0x0000000008002f14                APBPrescTable
 .rodata.aPLLMULFactorTable.1
                0x0000000008002f1c       0x10 ./Drivers/STM32F1xx_HAL_Driver/Src/stm32f1xx_hal_rcc.o
 .rodata.aPredivFactorTable.0
                0x0000000008002f2c        0x2 ./Drivers/STM32F1xx_HAL_Driver/Src/stm32f1xx_hal_rcc.o
                0x0000000008002f30                . = ALIGN (0x4)
 *fill*         0x0000000008002f2e        0x2 

.rel.dyn        0x0000000008002f30        0x0
 .rel.iplt      0x0000000008002f30        0x0 c:/st/stm32cubeide_1.11.0/stm32cubeide/plugins/com.st.stm32cube.ide.mcu.externaltools.gnu-tools-for-stm32.10.3-2021.10.win32_1.0.200.202301161003/tools/bin/../lib/gcc/arm-none-eabi/10.3.1/thumb/v7-m/nofp/crtbegin.o

.ARM.extab      0x0000000008002f30        0x0
                0x0000000008002f30                . = ALIGN (0x4)
 *(.ARM.extab* .gnu.linkonce.armextab.*)
                0x0000000008002f30                . = ALIGN (0x4)

.ARM            0x0000000008002f30        0x0
                0x0000000008002f30                . = ALIGN (0x4)
                0x0000000008002f30                __exidx_start = .
 *(.ARM.exidx*)
                0x0000000008002f30                __exidx_end = .
                0x0000000008002f30                . = ALIGN (0x4)

.preinit_array  0x0000000008002f30        0x0
                0x0000000008002f30                . = ALIGN (0x4)
                0x0000000008002f30                PROVIDE (__preinit_array_start = .)
 *(.preinit_array*)
                0x0000000008002f30                PROVIDE (__preinit_array_end = .)
                0x0000000008002f30                . = ALIGN (0x4)

.init_array     0x0000000008002f30        0x4
                0x0000000008002f30                . = ALIGN (0x4)
                0x0000000008002f30                PROVIDE (__init_array_start = .)
 *(SORT_BY_NAME(.init_array.*))
 *(.init_array*)
 .init_array    0x0000000008002f30        0x4 c:/st/stm32cubeide_1.11.0/stm32cubeide/plugins/com.st.stm32cube.ide.mcu.externaltools.gnu-tools-for-stm32.10.3-2021.10.win32_1.0.200.202301161003/tools/bin/../lib/gcc/arm-none-eabi/10.3.1/thumb/v7-m/nofp/crtbegin.o
                0x0000000008002f34                PROVIDE (__init_array_end = .)
                0x0000000008002f34                . = ALIGN (0x4)

.fini_array     0x0000000008002f34        0x4
                0x0000000008002f34                . = ALIGN (0x4)
                [!provide]                        PROVIDE (__fini_array_start = .)
 *(SORT_BY_NAME(.fini_array.*))
 *(.fini_array*)
 .fini_array    0x0000000008002f34        0x4 c:/st/stm32cubeide_1.11.0/stm32cubeide/plugins/com.st.stm32cube.ide.mcu.externaltools.gnu-tools-for-stm32.10.3-2021.10.win32_1.0.200.202301161003/tools/bin/../lib/gcc/arm-none-eabi/10.3.1/thumb/v7-m/nofp/crtbegin.o
                [!provide]                        PROVIDE (__fini_array_end = .)
                0x0000000008002f38                . = ALIGN (0x4)
                0x0000000008002f38                _sidata = LOADADDR (.data)

.data           0x0000000020000000       0x14 load address 0x0000000008002f38
                0x0000000020000000                . = ALIGN (0x4)
                0x0000000020000000                _sdata = .
 *(.data)
 *(.data*)
 .data.Font_11x18
                0x0000000020000000        0x8 ./Core/Src/ssd1306_fonts.o
                0x0000000020000000                Font_11x18
 .data.SystemCoreClock
                0x0000000020000008        0x4 ./Core/Src/system_stm32f1xx.o
                0x0000000020000008                SystemCoreClock
 .data.uwTickPrio
                0x000000002000000c        0x4 ./Drivers/STM32F1xx_HAL_Driver/Src/stm32f1xx_hal.o
                0x000000002000000c                uwTickPrio
 .data.uwTickFreq
                0x0000000020000010        0x1 ./Drivers/STM32F1xx_HAL_Driver/Src/stm32f1xx_hal.o
                0x0000000020000010                uwTickFreq
 *(.RamFunc)
 *(.RamFunc*)
                0x0000000020000014                . = ALIGN (0x4)
 *fill*         0x0000000020000011        0x3 
                0x0000000020000014                _edata = .

.igot.plt       0x0000000020000014        0x0 load address 0x0000000008002f4c
 .igot.plt      0x0000000020000014        0x0 c:/st/stm32cubeide_1.11.0/stm32cubeide/plugins/com.st.stm32cube.ide.mcu.externaltools.gnu-tools-for-stm32.10.3-2021.10.win32_1.0.200.202301161003/tools/bin/../lib/gcc/arm-none-eabi/10.3.1/thumb/v7-m/nofp/crtbegin.o
                0x0000000020000014                . = ALIGN (0x4)

.bss            0x0000000020000014      0x47c load address 0x0000000008002f4c
                0x0000000020000014                _sbss = .
                0x0000000020000014                __bss_start__ = _sbss
 *(.bss)
 .bss           0x0000000020000014       0x1c c:/st/stm32cubeide_1.11.0/stm32cubeide/plugins/com.st.stm32cube.ide.mcu.externaltools.gnu-tools-for-stm32.10.3-2021.10.win32_1.0.200.202301161003/tools/bin/../lib/gcc/arm-none-eabi/10.3.1/thumb/v7-m/nofp/crtbegin.o
 *(.bss*)
 .bss.hi2c1     0x0000000020000030       0x54 ./Core/Src/main.o
                0x0000000020000030                hi2c1
 .bss.SSD1306_Buffer
                0x0000000020000084      0x400 ./Core/Src/ssd1306.o
 .bss.SSD1306   0x0000000020000484        0x6 ./Core/Src/ssd1306.o
 *fill*         0x000000002000048a        0x2 
 .bss.uwTick    0x000000002000048c        0x4 ./Drivers/STM32F1xx_HAL_Driver/Src/stm32f1xx_hal.o
                0x000000002000048c                uwTick
 *(COMMON)
                0x0000000020000490                . = ALIGN (0x4)
                0x0000000020000490                _ebss = .
                0x0000000020000490                __bss_end__ = _ebss

._user_heap_stack
                0x0000000020000490      0x600 load address 0x0000000008002f4c
                0x0000000020000490                . = ALIGN (0x8)
                [!provide]                        PROVIDE (end = .)
                0x0000000020000490                PROVIDE (_end = .)
                0x0000000020000690                . = (. + _Min_Heap_Size)
 *fill*         0x0000000020000490      0x200 
                0x0000000020000a90                . = (. + _Min_Stack_Size)
 *fill*         0x0000000020000690      0x400 
                0x0000000020000a90                . = ALIGN (0x8)

/DISCARD/
 libc.a(*)
 libm.a(*)
 libgcc.a(*)

.ARM.attributes
                0x0000000000000000       0x29
 *(.ARM.attributes)
 .ARM.attributes
                0x0000000000000000       0x1d c:/st/stm32cubeide_1.11.0/stm32cubeide/plugins/com.st.stm32cube.ide.mcu.externaltools.gnu-tools-for-stm32.10.3-2021.10.win32_1.0.200.202301161003/tools/bin/../lib/gcc/arm-none-eabi/10.3.1/thumb/v7-m/nofp/crti.o
 .ARM.attributes
                0x000000000000001d       0x2d c:/st/stm32cubeide_1.11.0/stm32cubeide/plugins/com.st.stm32cube.ide.mcu.externaltools.gnu-tools-for-stm32.10.3-2021.10.win32_1.0.200.202301161003/tools/bin/../lib/gcc/arm-none-eabi/10.3.1/thumb/v7-m/nofp/crtbegin.o
 .ARM.attributes
                0x000000000000004a       0x2d ./Core/Src/main.o
 .ARM.attributes
                0x0000000000000077       0x2d ./Core/Src/ssd1306.o
 .ARM.attributes
                0x00000000000000a4       0x2d ./Core/Src/ssd1306_fonts.o
 .ARM.attributes
                0x00000000000000d1       0x2d ./Core/Src/stm32f1xx_hal_msp.o
 .ARM.attributes
                0x00000000000000fe       0x2d ./Core/Src/stm32f1xx_it.o
 .ARM.attributes
                0x000000000000012b       0x2d ./Core/Src/system_stm32f1xx.o
 .ARM.attributes
                0x0000000000000158       0x21 ./Core/Startup/startup_stm32f103c8tx.o
 .ARM.attributes
                0x0000000000000179       0x2d ./Drivers/STM32F1xx_HAL_Driver/Src/stm32f1xx_hal.o
 .ARM.attributes
                0x00000000000001a6       0x2d ./Drivers/STM32F1xx_HAL_Driver/Src/stm32f1xx_hal_cortex.o
 .ARM.attributes
                0x00000000000001d3       0x2d ./Drivers/STM32F1xx_HAL_Driver/Src/stm32f1xx_hal_gpio.o
 .ARM.attributes
                0x0000000000000200       0x2d ./Drivers/STM32F1xx_HAL_Driver/Src/stm32f1xx_hal_i2c.o
 .ARM.attributes
                0x000000000000022d       0x2d ./Drivers/STM32F1xx_HAL_Driver/Src/stm32f1xx_hal_rcc.o
 .ARM.attributes
                0x000000000000025a       0x2d c:/st/stm32cubeide_1.11.0/stm32cubeide/plugins/com.st.stm32cube.ide.mcu.externaltools.gnu-tools-for-stm32.10.3-2021.10.win32_1.0.200.202301161003/tools/bin/../lib/gcc/arm-none-eabi/10.3.1/../../../../arm-none-eabi/lib/thumb/v7-m/nofp\libc_nano.a(lib_a-init.o)
 .ARM.attributes
                0x0000000000000287       0x2d c:/st/stm32cubeide_1.11.0/stm32cubeide/plugins/com.st.stm32cube.ide.mcu.externaltools.gnu-tools-for-stm32.10.3-2021.10.win32_1.0.200.202301161003/tools/bin/../lib/gcc/arm-none-eabi/10.3.1/../../../../arm-none-eabi/lib/thumb/v7-m/nofp\libc_nano.a(lib_a-memset.o)
 .ARM.attributes
                0x00000000000002b4       0x1d c:/st/stm32cubeide_1.11.0/stm32cubeide/plugins/com.st.stm32cube.ide.mcu.externaltools.gnu-tools-for-stm32.10.3-2021.10.win32_1.0.200.202301161003/tools/bin/../lib/gcc/arm-none-eabi/10.3.1/thumb/v7-m/nofp/crtn.o
OUTPUT(OLED.elf elf32-littlearm)
LOAD linker stubs
LOAD c:/st/stm32cubeide_1.11.0/stm32cubeide/plugins/com.st.stm32cube.ide.mcu.externaltools.gnu-tools-for-stm32.10.3-2021.10.win32_1.0.200.202301161003/tools/bin/../lib/gcc/arm-none-eabi/10.3.1/../../../../arm-none-eabi/lib/thumb/v7-m/nofp\libc.a
LOAD c:/st/stm32cubeide_1.11.0/stm32cubeide/plugins/com.st.stm32cube.ide.mcu.externaltools.gnu-tools-for-stm32.10.3-2021.10.win32_1.0.200.202301161003/tools/bin/../lib/gcc/arm-none-eabi/10.3.1/../../../../arm-none-eabi/lib/thumb/v7-m/nofp\libm.a
LOAD c:/st/stm32cubeide_1.11.0/stm32cubeide/plugins/com.st.stm32cube.ide.mcu.externaltools.gnu-tools-for-stm32.10.3-2021.10.win32_1.0.200.202301161003/tools/bin/../lib/gcc/arm-none-eabi/10.3.1/thumb/v7-m/nofp\libgcc.a

.debug_info     0x0000000000000000     0x7013
 .debug_info    0x0000000000000000      0xa48 ./Core/Src/main.o
 .debug_info    0x0000000000000a48      0xf6e ./Core/Src/ssd1306.o
 .debug_info    0x00000000000019b6      0x1f2 ./Core/Src/ssd1306_fonts.o
 .debug_info    0x0000000000001ba8      0x8bb ./Core/Src/stm32f1xx_hal_msp.o
 .debug_info    0x0000000000002463      0x122 ./Core/Src/stm32f1xx_it.o
 .debug_info    0x0000000000002585      0x23d ./Core/Src/system_stm32f1xx.o
 .debug_info    0x00000000000027c2       0x22 ./Core/Startup/startup_stm32f103c8tx.o
 .debug_info    0x00000000000027e4      0x734 ./Drivers/STM32F1xx_HAL_Driver/Src/stm32f1xx_hal.o
 .debug_info    0x0000000000002f18      0xb20 ./Drivers/STM32F1xx_HAL_Driver/Src/stm32f1xx_hal_cortex.o
 .debug_info    0x0000000000003a38      0x615 ./Drivers/STM32F1xx_HAL_Driver/Src/stm32f1xx_hal_gpio.o
 .debug_info    0x000000000000404d     0x2761 ./Drivers/STM32F1xx_HAL_Driver/Src/stm32f1xx_hal_i2c.o
 .debug_info    0x00000000000067ae      0x865 ./Drivers/STM32F1xx_HAL_Driver/Src/stm32f1xx_hal_rcc.o

.debug_abbrev   0x0000000000000000     0x15bd
 .debug_abbrev  0x0000000000000000      0x288 ./Core/Src/main.o
 .debug_abbrev  0x0000000000000288      0x34f ./Core/Src/ssd1306.o
 .debug_abbrev  0x00000000000005d7       0xbe ./Core/Src/ssd1306_fonts.o
 .debug_abbrev  0x0000000000000695      0x194 ./Core/Src/stm32f1xx_hal_msp.o
 .debug_abbrev  0x0000000000000829       0x74 ./Core/Src/stm32f1xx_it.o
 .debug_abbrev  0x000000000000089d      0x13b ./Core/Src/system_stm32f1xx.o
 .debug_abbrev  0x00000000000009d8       0x12 ./Core/Startup/startup_stm32f103c8tx.o
 .debug_abbrev  0x00000000000009ea      0x1fb ./Drivers/STM32F1xx_HAL_Driver/Src/stm32f1xx_hal.o
 .debug_abbrev  0x0000000000000be5      0x2ed ./Drivers/STM32F1xx_HAL_Driver/Src/stm32f1xx_hal_cortex.o
 .debug_abbrev  0x0000000000000ed2      0x1bb ./Drivers/STM32F1xx_HAL_Driver/Src/stm32f1xx_hal_gpio.o
 .debug_abbrev  0x000000000000108d      0x288 ./Drivers/STM32F1xx_HAL_Driver/Src/stm32f1xx_hal_i2c.o
 .debug_abbrev  0x0000000000001315      0x2a8 ./Drivers/STM32F1xx_HAL_Driver/Src/stm32f1xx_hal_rcc.o

.debug_aranges  0x0000000000000000      0x778
 .debug_aranges
                0x0000000000000000       0x48 ./Core/Src/main.o
 .debug_aranges
                0x0000000000000048       0xc8 ./Core/Src/ssd1306.o
 .debug_aranges
                0x0000000000000110       0x18 ./Core/Src/ssd1306_fonts.o
 .debug_aranges
                0x0000000000000128       0x30 ./Core/Src/stm32f1xx_hal_msp.o
 .debug_aranges
                0x0000000000000158       0x60 ./Core/Src/stm32f1xx_it.o
 .debug_aranges
                0x00000000000001b8       0x28 ./Core/Src/system_stm32f1xx.o
 .debug_aranges
                0x00000000000001e0       0x28 ./Core/Startup/startup_stm32f103c8tx.o
 .debug_aranges
                0x0000000000000208       0xe0 ./Drivers/STM32F1xx_HAL_Driver/Src/stm32f1xx_hal.o
 .debug_aranges
                0x00000000000002e8      0x100 ./Drivers/STM32F1xx_HAL_Driver/Src/stm32f1xx_hal_cortex.o
 .debug_aranges
                0x00000000000003e8       0x58 ./Drivers/STM32F1xx_HAL_Driver/Src/stm32f1xx_hal_gpio.o
 .debug_aranges
                0x0000000000000440      0x2a8 ./Drivers/STM32F1xx_HAL_Driver/Src/stm32f1xx_hal_i2c.o
 .debug_aranges
                0x00000000000006e8       0x90 ./Drivers/STM32F1xx_HAL_Driver/Src/stm32f1xx_hal_rcc.o

.debug_ranges   0x0000000000000000      0x6d0
 .debug_ranges  0x0000000000000000       0x38 ./Core/Src/main.o
 .debug_ranges  0x0000000000000038       0xb8 ./Core/Src/ssd1306.o
 .debug_ranges  0x00000000000000f0       0x20 ./Core/Src/stm32f1xx_hal_msp.o
 .debug_ranges  0x0000000000000110       0x50 ./Core/Src/stm32f1xx_it.o
 .debug_ranges  0x0000000000000160       0x18 ./Core/Src/system_stm32f1xx.o
 .debug_ranges  0x0000000000000178       0x20 ./Core/Startup/startup_stm32f103c8tx.o
 .debug_ranges  0x0000000000000198       0xd0 ./Drivers/STM32F1xx_HAL_Driver/Src/stm32f1xx_hal.o
 .debug_ranges  0x0000000000000268       0xf0 ./Drivers/STM32F1xx_HAL_Driver/Src/stm32f1xx_hal_cortex.o
 .debug_ranges  0x0000000000000358       0x48 ./Drivers/STM32F1xx_HAL_Driver/Src/stm32f1xx_hal_gpio.o
 .debug_ranges  0x00000000000003a0      0x2b0 ./Drivers/STM32F1xx_HAL_Driver/Src/stm32f1xx_hal_i2c.o
 .debug_ranges  0x0000000000000650       0x80 ./Drivers/STM32F1xx_HAL_Driver/Src/stm32f1xx_hal_rcc.o

.debug_macro    0x0000000000000000    0x16c25
 .debug_macro   0x0000000000000000      0x1f3 ./Core/Src/main.o
 .debug_macro   0x00000000000001f3      0xa6c ./Core/Src/main.o
 .debug_macro   0x0000000000000c5f      0x215 ./Core/Src/main.o
 .debug_macro   0x0000000000000e74       0x2e ./Core/Src/main.o
 .debug_macro   0x0000000000000ea2       0x22 ./Core/Src/main.o
 .debug_macro   0x0000000000000ec4       0x22 ./Core/Src/main.o
 .debug_macro   0x0000000000000ee6       0x8e ./Core/Src/main.o
 .debug_macro   0x0000000000000f74       0x51 ./Core/Src/main.o
 .debug_macro   0x0000000000000fc5      0x103 ./Core/Src/main.o
 .debug_macro   0x00000000000010c8       0x6a ./Core/Src/main.o
 .debug_macro   0x0000000000001132      0x1df ./Core/Src/main.o
 .debug_macro   0x0000000000001311       0x1c ./Core/Src/main.o
 .debug_macro   0x000000000000132d       0x22 ./Core/Src/main.o
 .debug_macro   0x000000000000134f       0xbd ./Core/Src/main.o
 .debug_macro   0x000000000000140c      0xd23 ./Core/Src/main.o
 .debug_macro   0x000000000000212f     0xe09e ./Core/Src/main.o
 .debug_macro   0x00000000000101cd       0x6d ./Core/Src/main.o
 .debug_macro   0x000000000001023a     0x348d ./Core/Src/main.o
 .debug_macro   0x00000000000136c7      0x174 ./Core/Src/main.o
 .debug_macro   0x000000000001383b       0x5c ./Core/Src/main.o
 .debug_macro   0x0000000000013897      0x5bc ./Core/Src/main.o
 .debug_macro   0x0000000000013e53      0x289 ./Core/Src/main.o
 .debug_macro   0x00000000000140dc      0x1cb ./Core/Src/main.o
 .debug_macro   0x00000000000142a7      0x114 ./Core/Src/main.o
 .debug_macro   0x00000000000143bb      0x1b2 ./Core/Src/main.o
 .debug_macro   0x000000000001456d       0x27 ./Core/Src/main.o
 .debug_macro   0x0000000000014594      0x136 ./Core/Src/main.o
 .debug_macro   0x00000000000146ca      0x1bc ./Core/Src/main.o
 .debug_macro   0x0000000000014886       0x34 ./Core/Src/main.o
 .debug_macro   0x00000000000148ba       0x3c ./Core/Src/main.o
 .debug_macro   0x00000000000148f6       0x57 ./Core/Src/main.o
 .debug_macro   0x000000000001494d       0x87 ./Core/Src/main.o
 .debug_macro   0x00000000000149d4      0x240 ./Core/Src/main.o
 .debug_macro   0x0000000000014c14      0x287 ./Core/Src/main.o
 .debug_macro   0x0000000000014e9b      0x140 ./Core/Src/main.o
 .debug_macro   0x0000000000014fdb       0x83 ./Core/Src/main.o
 .debug_macro   0x000000000001505e       0x52 ./Core/Src/main.o
 .debug_macro   0x00000000000150b0       0x18 ./Core/Src/main.o
 .debug_macro   0x00000000000150c8       0x3c ./Core/Src/main.o
 .debug_macro   0x0000000000015104       0x34 ./Core/Src/main.o
 .debug_macro   0x0000000000015138       0x3a ./Core/Src/main.o
 .debug_macro   0x0000000000015172       0x10 ./Core/Src/main.o
 .debug_macro   0x0000000000015182       0x40 ./Core/Src/main.o
 .debug_macro   0x00000000000151c2      0x2c9 ./Core/Src/ssd1306.o
 .debug_macro   0x000000000001548b       0x4c ./Core/Src/ssd1306.o
 .debug_macro   0x00000000000154d7       0x94 ./Core/Src/ssd1306.o
 .debug_macro   0x000000000001556b       0x28 ./Core/Src/ssd1306.o
 .debug_macro   0x0000000000015593       0x57 ./Core/Src/ssd1306.o
 .debug_macro   0x00000000000155ea       0x16 ./Core/Src/ssd1306.o
 .debug_macro   0x0000000000015600       0x43 ./Core/Src/ssd1306.o
 .debug_macro   0x0000000000015643       0x34 ./Core/Src/ssd1306.o
 .debug_macro   0x0000000000015677       0x10 ./Core/Src/ssd1306.o
 .debug_macro   0x0000000000015687       0x58 ./Core/Src/ssd1306.o
 .debug_macro   0x00000000000156df       0x71 ./Core/Src/ssd1306.o
 .debug_macro   0x0000000000015750       0x1c ./Core/Src/ssd1306.o
 .debug_macro   0x000000000001576c      0x12a ./Core/Src/ssd1306.o
 .debug_macro   0x0000000000015896      0x341 ./Core/Src/ssd1306.o
 .debug_macro   0x0000000000015bd7      0x19b ./Core/Src/ssd1306.o
 .debug_macro   0x0000000000015d72       0x16 ./Core/Src/ssd1306.o
 .debug_macro   0x0000000000015d88       0x35 ./Core/Src/ssd1306.o
 .debug_macro   0x0000000000015dbd       0x16 ./Core/Src/ssd1306.o
 .debug_macro   0x0000000000015dd3       0x29 ./Core/Src/ssd1306.o
 .debug_macro   0x0000000000015dfc       0x16 ./Core/Src/ssd1306.o
 .debug_macro   0x0000000000015e12       0x20 ./Core/Src/ssd1306.o
 .debug_macro   0x0000000000015e32       0x76 ./Core/Src/ssd1306_fonts.o
 .debug_macro   0x0000000000015ea8      0x198 ./Core/Src/stm32f1xx_hal_msp.o
 .debug_macro   0x0000000000016040      0x1a2 ./Core/Src/stm32f1xx_it.o
 .debug_macro   0x00000000000161e2      0x18e ./Core/Src/system_stm32f1xx.o
 .debug_macro   0x0000000000016370      0x1b2 ./Drivers/STM32F1xx_HAL_Driver/Src/stm32f1xx_hal.o
 .debug_macro   0x0000000000016522      0x18e ./Drivers/STM32F1xx_HAL_Driver/Src/stm32f1xx_hal_cortex.o
 .debug_macro   0x00000000000166b0      0x1f9 ./Drivers/STM32F1xx_HAL_Driver/Src/stm32f1xx_hal_gpio.o
 .debug_macro   0x00000000000168a9      0x1dc ./Drivers/STM32F1xx_HAL_Driver/Src/stm32f1xx_hal_i2c.o
 .debug_macro   0x0000000000016a85      0x1a0 ./Drivers/STM32F1xx_HAL_Driver/Src/stm32f1xx_hal_rcc.o

.debug_line     0x0000000000000000     0x9342
 .debug_line    0x0000000000000000      0x872 ./Core/Src/main.o
 .debug_line    0x0000000000000872      0xd8d ./Core/Src/ssd1306.o
 .debug_line    0x00000000000015ff      0x3a9 ./Core/Src/ssd1306_fonts.o
 .debug_line    0x00000000000019a8      0x692 ./Core/Src/stm32f1xx_hal_msp.o
 .debug_line    0x000000000000203a      0x70a ./Core/Src/stm32f1xx_it.o
 .debug_line    0x0000000000002744      0x6c6 ./Core/Src/system_stm32f1xx.o
 .debug_line    0x0000000000002e0a       0x86 ./Core/Startup/startup_stm32f103c8tx.o
 .debug_line    0x0000000000002e90      0x8f3 ./Drivers/STM32F1xx_HAL_Driver/Src/stm32f1xx_hal.o
 .debug_line    0x0000000000003783      0xadb ./Drivers/STM32F1xx_HAL_Driver/Src/stm32f1xx_hal_cortex.o
 .debug_line    0x000000000000425e      0x98c ./Drivers/STM32F1xx_HAL_Driver/Src/stm32f1xx_hal_gpio.o
 .debug_line    0x0000000000004bea     0x3a59 ./Drivers/STM32F1xx_HAL_Driver/Src/stm32f1xx_hal_i2c.o
 .debug_line    0x0000000000008643      0xcff ./Drivers/STM32F1xx_HAL_Driver/Src/stm32f1xx_hal_rcc.o

.debug_str      0x0000000000000000    0x82003
 .debug_str     0x0000000000000000    0x7cc71 ./Core/Src/main.o
                                      0x7d039 (size before relaxing)
 .debug_str     0x000000000007cc71     0x3735 ./Core/Src/ssd1306.o
                                      0x8058c (size before relaxing)
 .debug_str     0x00000000000803a6       0x5f ./Core/Src/ssd1306_fonts.o
                                       0x3d42 (size before relaxing)
 .debug_str     0x0000000000080405       0xdc ./Core/Src/stm32f1xx_hal_msp.o
                                      0x7c96a (size before relaxing)
 .debug_str     0x00000000000804e1       0xc9 ./Core/Src/stm32f1xx_it.o
                                      0x7c47b (size before relaxing)
 .debug_str     0x00000000000805aa       0x7e ./Core/Src/system_stm32f1xx.o
                                      0x7c491 (size before relaxing)
 .debug_str     0x0000000000080628       0x36 ./Core/Startup/startup_stm32f103c8tx.o
                                         0x6d (size before relaxing)
 .debug_str     0x000000000008065e      0x607 ./Drivers/STM32F1xx_HAL_Driver/Src/stm32f1xx_hal.o
                                      0x7cbc4 (size before relaxing)
 .debug_str     0x0000000000080c65      0x2b1 ./Drivers/STM32F1xx_HAL_Driver/Src/stm32f1xx_hal_cortex.o
                                      0x7cb10 (size before relaxing)
 .debug_str     0x0000000000080f16      0x322 ./Drivers/STM32F1xx_HAL_Driver/Src/stm32f1xx_hal_gpio.o
                                      0x7c817 (size before relaxing)
 .debug_str     0x0000000000081238      0xbc2 ./Drivers/STM32F1xx_HAL_Driver/Src/stm32f1xx_hal_i2c.o
                                      0x7d558 (size before relaxing)
 .debug_str     0x0000000000081dfa      0x209 ./Drivers/STM32F1xx_HAL_Driver/Src/stm32f1xx_hal_rcc.o
                                      0x7c8c0 (size before relaxing)

.comment        0x0000000000000000       0x50
 .comment       0x0000000000000000       0x50 ./Core/Src/main.o
                                         0x51 (size before relaxing)
 .comment       0x0000000000000050       0x51 ./Core/Src/ssd1306.o
 .comment       0x0000000000000050       0x51 ./Core/Src/ssd1306_fonts.o
 .comment       0x0000000000000050       0x51 ./Core/Src/stm32f1xx_hal_msp.o
 .comment       0x0000000000000050       0x51 ./Core/Src/stm32f1xx_it.o
 .comment       0x0000000000000050       0x51 ./Core/Src/system_stm32f1xx.o
 .comment       0x0000000000000050       0x51 ./Drivers/STM32F1xx_HAL_Driver/Src/stm32f1xx_hal.o
 .comment       0x0000000000000050       0x51 ./Drivers/STM32F1xx_HAL_Driver/Src/stm32f1xx_hal_cortex.o
 .comment       0x0000000000000050       0x51 ./Drivers/STM32F1xx_HAL_Driver/Src/stm32f1xx_hal_gpio.o
 .comment       0x0000000000000050       0x51 ./Drivers/STM32F1xx_HAL_Driver/Src/stm32f1xx_hal_i2c.o
 .comment       0x0000000000000050       0x51 ./Drivers/STM32F1xx_HAL_Driver/Src/stm32f1xx_hal_rcc.o

.debug_frame    0x0000000000000000     0x1d84
 .debug_frame   0x0000000000000000       0xd4 ./Core/Src/main.o
 .debug_frame   0x00000000000000d4      0x344 ./Core/Src/ssd1306.o
 .debug_frame   0x0000000000000418       0x80 ./Core/Src/stm32f1xx_hal_msp.o
 .debug_frame   0x0000000000000498      0x104 ./Core/Src/stm32f1xx_it.o
 .debug_frame   0x000000000000059c       0x58 ./Core/Src/system_stm32f1xx.o
 .debug_frame   0x00000000000005f4      0x334 ./Drivers/STM32F1xx_HAL_Driver/Src/stm32f1xx_hal.o
 .debug_frame   0x0000000000000928      0x428 ./Drivers/STM32F1xx_HAL_Driver/Src/stm32f1xx_hal_cortex.o
 .debug_frame   0x0000000000000d50      0x14c ./Drivers/STM32F1xx_HAL_Driver/Src/stm32f1xx_hal_gpio.o
 .debug_frame   0x0000000000000e9c      0xc84 ./Drivers/STM32F1xx_HAL_Driver/Src/stm32f1xx_hal_i2c.o
 .debug_frame   0x0000000000001b20      0x218 ./Drivers/STM32F1xx_HAL_Driver/Src/stm32f1xx_hal_rcc.o
 .debug_frame   0x0000000000001d38       0x2c c:/st/stm32cubeide_1.11.0/stm32cubeide/plugins/com.st.stm32cube.ide.mcu.externaltools.gnu-tools-for-stm32.10.3-2021.10.win32_1.0.200.202301161003/tools/bin/../lib/gcc/arm-none-eabi/10.3.1/../../../../arm-none-eabi/lib/thumb/v7-m/nofp\libc_nano.a(lib_a-init.o)
 .debug_frame   0x0000000000001d64       0x20 c:/st/stm32cubeide_1.11.0/stm32cubeide/plugins/com.st.stm32cube.ide.mcu.externaltools.gnu-tools-for-stm32.10.3-2021.10.win32_1.0.200.202301161003/tools/bin/../lib/gcc/arm-none-eabi/10.3.1/../../../../arm-none-eabi/lib/thumb/v7-m/nofp\libc_nano.a(lib_a-memset.o)
